// Jest Snapshot v1, https://goo.gl/fbAQLP

exports[`Question component matches the snapshot 1`] = `
Array [
  <h3>
    Test
  </h3>,
  <ul
    className="question-alternatives"
  />,
]
`;
