// Jest Snapshot v1, https://goo.gl/fbAQLP

exports[`Alternative component snapshot matches the snapshot 1`] = `
<button
  className="alternative-type-undefined"
  style={
    Object {
      "backgroundImage": "url(undefined)",
    }
  }
/>
`;
