// Jest Snapshot v1, https://goo.gl/fbAQLP

exports[`LimitBreak component matches the snapshot 1`] = `
<div
  className="limit-break"
  style={
    Object {
      "width": "50%",
    }
  }
/>
`;
